// Jest Snapshot v1, https://goo.gl/fbAQLP

exports[`App should renders ok 1`] = `ShallowWrapper {}`;
