// Jest Snapshot v1, https://goo.gl/fbAQLP

exports[`Gif should renders ok 1`] = `ShallowWrapper {}`;
